Copyright 1986-2020 Xilinx, Inc. All Rights Reserved.
------------------------------------------------------------------------------------------
| Tool Version : Vivado v.2020.1 (win64) Build 2902540 Wed May 27 19:54:49 MDT 2020
| Date         : Tue Apr 19 07:44:36 2022
| Host         : DESKTOP-IOM2HT6 running 64-bit major release  (build 9200)
| Command      : report_control_sets -verbose -file clawgame_proc_control_sets_placed.rpt
| Design       : clawgame_proc
| Device       : xc7a100t
------------------------------------------------------------------------------------------

Control Set Information

Table of Contents
-----------------
1. Summary
2. Histogram
3. Flip-Flop Distribution
4. Detailed Control Set Information

1. Summary
----------

+----------------------------------------------------------+-------+
|                          Status                          | Count |
+----------------------------------------------------------+-------+
| Total control sets                                       |    19 |
|    Minimum number of control sets                        |    19 |
|    Addition due to synthesis replication                 |     0 |
|    Addition due to physical synthesis replication        |     0 |
| Unused register locations in slices containing registers |     7 |
+----------------------------------------------------------+-------+
* Control sets can be merged at opt_design using control_set_merge or merge_equivalent_drivers
** Run report_qor_suggestions for automated merging and remapping suggestions


2. Histogram
------------

+--------------------+-------+
|       Fanout       | Count |
+--------------------+-------+
| Total control sets |    19 |
| >= 0 to < 4        |     0 |
| >= 4 to < 6        |     0 |
| >= 6 to < 8        |     0 |
| >= 8 to < 10       |     0 |
| >= 10 to < 12      |     0 |
| >= 12 to < 14      |     0 |
| >= 14 to < 16      |     0 |
| >= 16              |    19 |
+--------------------+-------+
* Control sets can be remapped at either synth_design or opt_design


3. Flip-Flop Distribution
-------------------------

+--------------+-----------------------+------------------------+-----------------+--------------+
| Clock Enable | Synchronous Set/Reset | Asynchronous Set/Reset | Total Registers | Total Slices |
+--------------+-----------------------+------------------------+-----------------+--------------+
| No           | No                    | No                     |              16 |           11 |
| No           | No                    | Yes                    |             377 |          142 |
| No           | Yes                   | No                     |               0 |            0 |
| Yes          | No                    | No                     |               0 |            0 |
| Yes          | No                    | Yes                    |             496 |          274 |
| Yes          | Yes                   | No                     |               0 |            0 |
+--------------+-----------------------+------------------------+-----------------+--------------+


4. Detailed Control Set Information
-----------------------------------

+--------------------+------------------------------------------------------------------+------------------+------------------+----------------+--------------+
|    Clock Signal    |                           Enable Signal                          | Set/Reset Signal | Slice Load Count | Bel Load Count | Bels / Slice |
+--------------------+------------------------------------------------------------------+------------------+------------------+----------------+--------------+
|  clock_IBUF_BUFG   | TIMER/count[0]_i_1_n_0                                           | reset_IBUF       |                4 |             16 |         4.00 |
|  time_left_BUFG[0] |                                                                  |                  |               11 |             16 |         1.45 |
|  clock_IBUF_BUFG   | WRAPPER/RegisterFile/writeReg_and_enable/write_enable_onehot[1]  | reset_IBUF       |               20 |             32 |         1.60 |
|  clock_IBUF_BUFG   | WRAPPER/RegisterFile/writeReg_and_enable/write_enable_onehot[2]  | reset_IBUF       |               16 |             32 |         2.00 |
|  clock_IBUF_BUFG   | WRAPPER/RegisterFile/writeReg_and_enable/write_enable_onehot[7]  | reset_IBUF       |               19 |             32 |         1.68 |
|  clock_IBUF_BUFG   | WRAPPER/RegisterFile/writeReg_and_enable/write_enable_onehot[8]  | reset_IBUF       |               22 |             32 |         1.45 |
|  clock_IBUF_BUFG   | WRAPPER/RegisterFile/writeReg_and_enable/write_enable_onehot[3]  | reset_IBUF       |               15 |             32 |         2.13 |
|  clock_IBUF_BUFG   | WRAPPER/RegisterFile/writeReg_and_enable/write_enable_onehot[11] | reset_IBUF       |               20 |             32 |         1.60 |
|  clock_IBUF_BUFG   | WRAPPER/RegisterFile/writeReg_and_enable/write_enable_onehot[0]  | reset_IBUF       |               18 |             32 |         1.78 |
|  clock_IBUF_BUFG   | WRAPPER/RegisterFile/writeReg_and_enable/write_enable_onehot[6]  | reset_IBUF       |               13 |             32 |         2.46 |
|  clock_IBUF_BUFG   | WRAPPER/RegisterFile/writeReg_and_enable/write_enable_onehot[5]  | reset_IBUF       |               15 |             32 |         2.13 |
|  clock_IBUF_BUFG   | WRAPPER/RegisterFile/writeReg_and_enable/write_enable_onehot[9]  | reset_IBUF       |               18 |             32 |         1.78 |
|  clock_IBUF_BUFG   | WRAPPER/RegisterFile/writeReg_and_enable/write_enable_onehot[10] | reset_IBUF       |               18 |             32 |         1.78 |
|  clock_IBUF_BUFG   | WRAPPER/RegisterFile/writeReg_and_enable/write_enable_onehot[12] | reset_IBUF       |               11 |             32 |         2.91 |
|  clock_IBUF_BUFG   | WRAPPER/RegisterFile/writeReg_and_enable/write_enable_onehot[13] | reset_IBUF       |               29 |             32 |         1.10 |
|  clock_IBUF_BUFG   | WRAPPER/RegisterFile/writeReg_and_enable/write_enable_onehot[14] | reset_IBUF       |               17 |             32 |         1.88 |
|  clock_IBUF_BUFG   | WRAPPER/RegisterFile/writeReg_and_enable/write_enable_onehot[4]  | reset_IBUF       |               19 |             32 |         1.68 |
|  clock_IBUF_BUFG   |                                                                  | reset_IBUF       |               12 |             47 |         3.92 |
| ~clock_IBUF_BUFG   |                                                                  | reset_IBUF       |              130 |            330 |         2.54 |
+--------------------+------------------------------------------------------------------+------------------+------------------+----------------+--------------+


